MSBuild version 17.9.8+b34f75857 for .NET
  Determining projects to restore...
  All projects are up-to-date for restore.
C:\Users\ibrah\Documents\Web\nugenee-db-207803\NuGeneeAPI\Controllers\StudentCertificatesController.cs(42,36): error CS0246: The type or namespace name 'StudentCertificate' could not be found (are you missing a using directive or an assembly reference?) [C:\Users\ibrah\Documents\Web\nugenee-db-207803\NuGeneeAPI\NuGeneeAPI.csproj]
C:\Users\ibrah\Documents\Web\nugenee-db-207803\NuGeneeAPI\Controllers\InstructorsController.cs(46,42): error CS0246: The type or namespace name 'Instructor' could not be found (are you missing a using directive or an assembly reference?) [C:\Users\ibrah\Documents\Web\nugenee-db-207803\NuGeneeAPI\NuGeneeAPI.csproj]
C:\Users\ibrah\Documents\Web\nugenee-db-207803\NuGeneeAPI\Controllers\LearningPathsController.cs(53,36): error CS0246: The type or namespace name 'LearningPath' could not be found (are you missing a using directive or an assembly reference?) [C:\Users\ibrah\Documents\Web\nugenee-db-207803\NuGeneeAPI\NuGeneeAPI.csproj]
C:\Users\ibrah\Documents\Web\nugenee-db-207803\NuGeneeAPI\Controllers\CoursesController.cs(52,13): warning ASP0019: Use IHeaderDictionary.Append or the indexer to append or set headers. IDictionary.Add will throw an ArgumentException when attempting to add a duplicate key. (https://aka.ms/aspnet/analyzers) [C:\Users\ibrah\Documents\Web\nugenee-db-207803\NuGeneeAPI\NuGeneeAPI.csproj]

Build FAILED.

C:\Users\ibrah\Documents\Web\nugenee-db-207803\NuGeneeAPI\Controllers\CoursesController.cs(52,13): warning ASP0019: Use IHeaderDictionary.Append or the indexer to append or set headers. IDictionary.Add will throw an ArgumentException when attempting to add a duplicate key. (https://aka.ms/aspnet/analyzers) [C:\Users\ibrah\Documents\Web\nugenee-db-207803\NuGeneeAPI\NuGeneeAPI.csproj]
C:\Users\ibrah\Documents\Web\nugenee-db-207803\NuGeneeAPI\Controllers\StudentCertificatesController.cs(42,36): error CS0246: The type or namespace name 'StudentCertificate' could not be found (are you missing a using directive or an assembly reference?) [C:\Users\ibrah\Documents\Web\nugenee-db-207803\NuGeneeAPI\NuGeneeAPI.csproj]
C:\Users\ibrah\Documents\Web\nugenee-db-207803\NuGeneeAPI\Controllers\InstructorsController.cs(46,42): error CS0246: The type or namespace name 'Instructor' could not be found (are you missing a using directive or an assembly reference?) [C:\Users\ibrah\Documents\Web\nugenee-db-207803\NuGeneeAPI\NuGeneeAPI.csproj]
C:\Users\ibrah\Documents\Web\nugenee-db-207803\NuGeneeAPI\Controllers\LearningPathsController.cs(53,36): error CS0246: The type or namespace name 'LearningPath' could not be found (are you missing a using directive or an assembly reference?) [C:\Users\ibrah\Documents\Web\nugenee-db-207803\NuGeneeAPI\NuGeneeAPI.csproj]
    1 Warning(s)
    3 Error(s)

Time Elapsed 00:00:01.39
