MSBuild version 17.9.8+b34f75857 for .NET
  Determining projects to restore...
  All projects are up-to-date for restore.
C:\Users\ibrah\Documents\Web\nugenee-db-207803\NuGeneeAPI\Controllers\AuthController.cs(2,17): error CS0234: The type or namespace name 'EntityFrameworkCore' does not exist in the namespace 'Microsoft' (are you missing an assembly reference?) [C:\Users\ibrah\Documents\Web\nugenee-db-207803\NuGeneeAPI\NuGeneeAPI.csproj]
C:\Users\ibrah\Documents\Web\nugenee-db-207803\NuGeneeAPI\Controllers\CategoriesController.cs(1,7): error CS0246: The type or namespace name 'AutoMapper' could not be found (are you missing a using directive or an assembly reference?) [C:\Users\ibrah\Documents\Web\nugenee-db-207803\NuGeneeAPI\NuGeneeAPI.csproj]
C:\Users\ibrah\Documents\Web\nugenee-db-207803\NuGeneeAPI\Controllers\CategoriesController.cs(4,17): error CS0234: The type or namespace name 'EntityFrameworkCore' does not exist in the namespace 'Microsoft' (are you missing an assembly reference?) [C:\Users\ibrah\Documents\Web\nugenee-db-207803\NuGeneeAPI\NuGeneeAPI.csproj]
C:\Users\ibrah\Documents\Web\nugenee-db-207803\NuGeneeAPI\Controllers\CoursesController.cs(1,7): error CS0246: The type or namespace name 'AutoMapper' could not be found (are you missing a using directive or an assembly reference?) [C:\Users\ibrah\Documents\Web\nugenee-db-207803\NuGeneeAPI\NuGeneeAPI.csproj]
C:\Users\ibrah\Documents\Web\nugenee-db-207803\NuGeneeAPI\Controllers\CoursesController.cs(4,17): error CS0234: The type or namespace name 'EntityFrameworkCore' does not exist in the namespace 'Microsoft' (are you missing an assembly reference?) [C:\Users\ibrah\Documents\Web\nugenee-db-207803\NuGeneeAPI\NuGeneeAPI.csproj]
C:\Users\ibrah\Documents\Web\nugenee-db-207803\NuGeneeAPI\Controllers\InstructorsController.cs(1,7): error CS0246: The type or namespace name 'AutoMapper' could not be found (are you missing a using directive or an assembly reference?) [C:\Users\ibrah\Documents\Web\nugenee-db-207803\NuGeneeAPI\NuGeneeAPI.csproj]
C:\Users\ibrah\Documents\Web\nugenee-db-207803\NuGeneeAPI\Controllers\InstructorsController.cs(3,17): error CS0234: The type or namespace name 'EntityFrameworkCore' does not exist in the namespace 'Microsoft' (are you missing an assembly reference?) [C:\Users\ibrah\Documents\Web\nugenee-db-207803\NuGeneeAPI\NuGeneeAPI.csproj]
C:\Users\ibrah\Documents\Web\nugenee-db-207803\NuGeneeAPI\Controllers\LearningPathsController.cs(1,7): error CS0246: The type or namespace name 'AutoMapper' could not be found (are you missing a using directive or an assembly reference?) [C:\Users\ibrah\Documents\Web\nugenee-db-207803\NuGeneeAPI\NuGeneeAPI.csproj]
C:\Users\ibrah\Documents\Web\nugenee-db-207803\NuGeneeAPI\Controllers\LearningPathsController.cs(3,17): error CS0234: The type or namespace name 'EntityFrameworkCore' does not exist in the namespace 'Microsoft' (are you missing an assembly reference?) [C:\Users\ibrah\Documents\Web\nugenee-db-207803\NuGeneeAPI\NuGeneeAPI.csproj]
C:\Users\ibrah\Documents\Web\nugenee-db-207803\NuGeneeAPI\Controllers\StudentCertificatesController.cs(1,7): error CS0246: The type or namespace name 'AutoMapper' could not be found (are you missing a using directive or an assembly reference?) [C:\Users\ibrah\Documents\Web\nugenee-db-207803\NuGeneeAPI\NuGeneeAPI.csproj]
C:\Users\ibrah\Documents\Web\nugenee-db-207803\NuGeneeAPI\Controllers\StudentCertificatesController.cs(3,17): error CS0234: The type or namespace name 'EntityFrameworkCore' does not exist in the namespace 'Microsoft' (are you missing an assembly reference?) [C:\Users\ibrah\Documents\Web\nugenee-db-207803\NuGeneeAPI\NuGeneeAPI.csproj]
C:\Users\ibrah\Documents\Web\nugenee-db-207803\NuGeneeAPI\Data\AppDbContext.cs(1,17): error CS0234: The type or namespace name 'EntityFrameworkCore' does not exist in the namespace 'Microsoft' (are you missing an assembly reference?) [C:\Users\ibrah\Documents\Web\nugenee-db-207803\NuGeneeAPI\NuGeneeAPI.csproj]
C:\Users\ibrah\Documents\Web\nugenee-db-207803\NuGeneeAPI\Data\DbSeeder.cs(2,7): error CS0246: The type or namespace name 'BCrypt' could not be found (are you missing a using directive or an assembly reference?) [C:\Users\ibrah\Documents\Web\nugenee-db-207803\NuGeneeAPI\NuGeneeAPI.csproj]
C:\Users\ibrah\Documents\Web\nugenee-db-207803\NuGeneeAPI\Helpers\MappingProfile.cs(1,7): error CS0246: The type or namespace name 'AutoMapper' could not be found (are you missing a using directive or an assembly reference?) [C:\Users\ibrah\Documents\Web\nugenee-db-207803\NuGeneeAPI\NuGeneeAPI.csproj]
C:\Users\ibrah\Documents\Web\nugenee-db-207803\NuGeneeAPI\Program.cs(2,43): error CS0234: The type or namespace name 'JwtBearer' does not exist in the namespace 'Microsoft.AspNetCore.Authentication' (are you missing an assembly reference?) [C:\Users\ibrah\Documents\Web\nugenee-db-207803\NuGeneeAPI\NuGeneeAPI.csproj]
C:\Users\ibrah\Documents\Web\nugenee-db-207803\NuGeneeAPI\Program.cs(3,17): error CS0234: The type or namespace name 'EntityFrameworkCore' does not exist in the namespace 'Microsoft' (are you missing an assembly reference?) [C:\Users\ibrah\Documents\Web\nugenee-db-207803\NuGeneeAPI\NuGeneeAPI.csproj]
C:\Users\ibrah\Documents\Web\nugenee-db-207803\NuGeneeAPI\Program.cs(4,17): error CS0234: The type or namespace name 'IdentityModel' does not exist in the namespace 'Microsoft' (are you missing an assembly reference?) [C:\Users\ibrah\Documents\Web\nugenee-db-207803\NuGeneeAPI\NuGeneeAPI.csproj]
C:\Users\ibrah\Documents\Web\nugenee-db-207803\NuGeneeAPI\Services\TokenService.cs(3,17): error CS0234: The type or namespace name 'IdentityModel' does not exist in the namespace 'Microsoft' (are you missing an assembly reference?) [C:\Users\ibrah\Documents\Web\nugenee-db-207803\NuGeneeAPI\NuGeneeAPI.csproj]
C:\Users\ibrah\Documents\Web\nugenee-db-207803\NuGeneeAPI\Services\TokenService.cs(4,14): error CS0234: The type or namespace name 'IdentityModel' does not exist in the namespace 'System' (are you missing an assembly reference?) [C:\Users\ibrah\Documents\Web\nugenee-db-207803\NuGeneeAPI\NuGeneeAPI.csproj]
C:\Users\ibrah\Documents\Web\nugenee-db-207803\NuGeneeAPI\Helpers\MappingProfile.cs(7,35): error CS0246: The type or namespace name 'Profile' could not be found (are you missing a using directive or an assembly reference?) [C:\Users\ibrah\Documents\Web\nugenee-db-207803\NuGeneeAPI\NuGeneeAPI.csproj]
C:\Users\ibrah\Documents\Web\nugenee-db-207803\NuGeneeAPI\Data\AppDbContext.cs(6,33): error CS0246: The type or namespace name 'DbContext' could not be found (are you missing a using directive or an assembly reference?) [C:\Users\ibrah\Documents\Web\nugenee-db-207803\NuGeneeAPI\NuGeneeAPI.csproj]
C:\Users\ibrah\Documents\Web\nugenee-db-207803\NuGeneeAPI\Data\AppDbContext.cs(8,29): error CS0246: The type or namespace name 'DbContextOptions<>' could not be found (are you missing a using directive or an assembly reference?) [C:\Users\ibrah\Documents\Web\nugenee-db-207803\NuGeneeAPI\NuGeneeAPI.csproj]
C:\Users\ibrah\Documents\Web\nugenee-db-207803\NuGeneeAPI\Data\AppDbContext.cs(12,16): error CS0246: The type or namespace name 'DbSet<>' could not be found (are you missing a using directive or an assembly reference?) [C:\Users\ibrah\Documents\Web\nugenee-db-207803\NuGeneeAPI\NuGeneeAPI.csproj]
C:\Users\ibrah\Documents\Web\nugenee-db-207803\NuGeneeAPI\Data\AppDbContext.cs(13,16): error CS0246: The type or namespace name 'DbSet<>' could not be found (are you missing a using directive or an assembly reference?) [C:\Users\ibrah\Documents\Web\nugenee-db-207803\NuGeneeAPI\NuGeneeAPI.csproj]
C:\Users\ibrah\Documents\Web\nugenee-db-207803\NuGeneeAPI\Controllers\InstructorsController.cs(14,26): error CS0246: The type or namespace name 'IMapper' could not be found (are you missing a using directive or an assembly reference?) [C:\Users\ibrah\Documents\Web\nugenee-db-207803\NuGeneeAPI\NuGeneeAPI.csproj]
C:\Users\ibrah\Documents\Web\nugenee-db-207803\NuGeneeAPI\Controllers\StudentCertificatesController.cs(14,26): error CS0246: The type or namespace name 'IMapper' could not be found (are you missing a using directive or an assembly reference?) [C:\Users\ibrah\Documents\Web\nugenee-db-207803\NuGeneeAPI\NuGeneeAPI.csproj]
C:\Users\ibrah\Documents\Web\nugenee-db-207803\NuGeneeAPI\Controllers\LearningPathsController.cs(14,26): error CS0246: The type or namespace name 'IMapper' could not be found (are you missing a using directive or an assembly reference?) [C:\Users\ibrah\Documents\Web\nugenee-db-207803\NuGeneeAPI\NuGeneeAPI.csproj]
C:\Users\ibrah\Documents\Web\nugenee-db-207803\NuGeneeAPI\Controllers\CategoriesController.cs(16,26): error CS0246: The type or namespace name 'IMapper' could not be found (are you missing a using directive or an assembly reference?) [C:\Users\ibrah\Documents\Web\nugenee-db-207803\NuGeneeAPI\NuGeneeAPI.csproj]
C:\Users\ibrah\Documents\Web\nugenee-db-207803\NuGeneeAPI\Data\AppDbContext.cs(14,16): error CS0246: The type or namespace name 'DbSet<>' could not be found (are you missing a using directive or an assembly reference?) [C:\Users\ibrah\Documents\Web\nugenee-db-207803\NuGeneeAPI\NuGeneeAPI.csproj]
C:\Users\ibrah\Documents\Web\nugenee-db-207803\NuGeneeAPI\Controllers\InstructorsController.cs(16,60): error CS0246: The type or namespace name 'IMapper' could not be found (are you missing a using directive or an assembly reference?) [C:\Users\ibrah\Documents\Web\nugenee-db-207803\NuGeneeAPI\NuGeneeAPI.csproj]
C:\Users\ibrah\Documents\Web\nugenee-db-207803\NuGeneeAPI\Controllers\CoursesController.cs(16,26): error CS0246: The type or namespace name 'IMapper' could not be found (are you missing a using directive or an assembly reference?) [C:\Users\ibrah\Documents\Web\nugenee-db-207803\NuGeneeAPI\NuGeneeAPI.csproj]
C:\Users\ibrah\Documents\Web\nugenee-db-207803\NuGeneeAPI\Controllers\StudentCertificatesController.cs(16,68): error CS0246: The type or namespace name 'IMapper' could not be found (are you missing a using directive or an assembly reference?) [C:\Users\ibrah\Documents\Web\nugenee-db-207803\NuGeneeAPI\NuGeneeAPI.csproj]
C:\Users\ibrah\Documents\Web\nugenee-db-207803\NuGeneeAPI\Controllers\LearningPathsController.cs(16,62): error CS0246: The type or namespace name 'IMapper' could not be found (are you missing a using directive or an assembly reference?) [C:\Users\ibrah\Documents\Web\nugenee-db-207803\NuGeneeAPI\NuGeneeAPI.csproj]
C:\Users\ibrah\Documents\Web\nugenee-db-207803\NuGeneeAPI\Controllers\CategoriesController.cs(18,59): error CS0246: The type or namespace name 'IMapper' could not be found (are you missing a using directive or an assembly reference?) [C:\Users\ibrah\Documents\Web\nugenee-db-207803\NuGeneeAPI\NuGeneeAPI.csproj]
C:\Users\ibrah\Documents\Web\nugenee-db-207803\NuGeneeAPI\Controllers\CoursesController.cs(18,56): error CS0246: The type or namespace name 'IMapper' could not be found (are you missing a using directive or an assembly reference?) [C:\Users\ibrah\Documents\Web\nugenee-db-207803\NuGeneeAPI\NuGeneeAPI.csproj]
C:\Users\ibrah\Documents\Web\nugenee-db-207803\NuGeneeAPI\Data\AppDbContext.cs(15,16): error CS0246: The type or namespace name 'DbSet<>' could not be found (are you missing a using directive or an assembly reference?) [C:\Users\ibrah\Documents\Web\nugenee-db-207803\NuGeneeAPI\NuGeneeAPI.csproj]
C:\Users\ibrah\Documents\Web\nugenee-db-207803\NuGeneeAPI\Data\AppDbContext.cs(16,16): error CS0246: The type or namespace name 'DbSet<>' could not be found (are you missing a using directive or an assembly reference?) [C:\Users\ibrah\Documents\Web\nugenee-db-207803\NuGeneeAPI\NuGeneeAPI.csproj]
C:\Users\ibrah\Documents\Web\nugenee-db-207803\NuGeneeAPI\Data\AppDbContext.cs(17,16): error CS0246: The type or namespace name 'DbSet<>' could not be found (are you missing a using directive or an assembly reference?) [C:\Users\ibrah\Documents\Web\nugenee-db-207803\NuGeneeAPI\NuGeneeAPI.csproj]
C:\Users\ibrah\Documents\Web\nugenee-db-207803\NuGeneeAPI\Data\AppDbContext.cs(18,16): error CS0246: The type or namespace name 'DbSet<>' could not be found (are you missing a using directive or an assembly reference?) [C:\Users\ibrah\Documents\Web\nugenee-db-207803\NuGeneeAPI\NuGeneeAPI.csproj]
C:\Users\ibrah\Documents\Web\nugenee-db-207803\NuGeneeAPI\Data\AppDbContext.cs(19,16): error CS0246: The type or namespace name 'DbSet<>' could not be found (are you missing a using directive or an assembly reference?) [C:\Users\ibrah\Documents\Web\nugenee-db-207803\NuGeneeAPI\NuGeneeAPI.csproj]
C:\Users\ibrah\Documents\Web\nugenee-db-207803\NuGeneeAPI\Data\AppDbContext.cs(20,16): error CS0246: The type or namespace name 'DbSet<>' could not be found (are you missing a using directive or an assembly reference?) [C:\Users\ibrah\Documents\Web\nugenee-db-207803\NuGeneeAPI\NuGeneeAPI.csproj]
C:\Users\ibrah\Documents\Web\nugenee-db-207803\NuGeneeAPI\Data\AppDbContext.cs(21,16): error CS0246: The type or namespace name 'DbSet<>' could not be found (are you missing a using directive or an assembly reference?) [C:\Users\ibrah\Documents\Web\nugenee-db-207803\NuGeneeAPI\NuGeneeAPI.csproj]
C:\Users\ibrah\Documents\Web\nugenee-db-207803\NuGeneeAPI\Data\AppDbContext.cs(22,16): error CS0246: The type or namespace name 'DbSet<>' could not be found (are you missing a using directive or an assembly reference?) [C:\Users\ibrah\Documents\Web\nugenee-db-207803\NuGeneeAPI\NuGeneeAPI.csproj]
C:\Users\ibrah\Documents\Web\nugenee-db-207803\NuGeneeAPI\Data\AppDbContext.cs(23,16): error CS0246: The type or namespace name 'DbSet<>' could not be found (are you missing a using directive or an assembly reference?) [C:\Users\ibrah\Documents\Web\nugenee-db-207803\NuGeneeAPI\NuGeneeAPI.csproj]
C:\Users\ibrah\Documents\Web\nugenee-db-207803\NuGeneeAPI\Data\AppDbContext.cs(24,16): error CS0246: The type or namespace name 'DbSet<>' could not be found (are you missing a using directive or an assembly reference?) [C:\Users\ibrah\Documents\Web\nugenee-db-207803\NuGeneeAPI\NuGeneeAPI.csproj]
C:\Users\ibrah\Documents\Web\nugenee-db-207803\NuGeneeAPI\Data\AppDbContext.cs(26,49): error CS0246: The type or namespace name 'ModelBuilder' could not be found (are you missing a using directive or an assembly reference?) [C:\Users\ibrah\Documents\Web\nugenee-db-207803\NuGeneeAPI\NuGeneeAPI.csproj]

Build FAILED.

C:\Users\ibrah\Documents\Web\nugenee-db-207803\NuGeneeAPI\Controllers\AuthController.cs(2,17): error CS0234: The type or namespace name 'EntityFrameworkCore' does not exist in the namespace 'Microsoft' (are you missing an assembly reference?) [C:\Users\ibrah\Documents\Web\nugenee-db-207803\NuGeneeAPI\NuGeneeAPI.csproj]
C:\Users\ibrah\Documents\Web\nugenee-db-207803\NuGeneeAPI\Controllers\CategoriesController.cs(1,7): error CS0246: The type or namespace name 'AutoMapper' could not be found (are you missing a using directive or an assembly reference?) [C:\Users\ibrah\Documents\Web\nugenee-db-207803\NuGeneeAPI\NuGeneeAPI.csproj]
C:\Users\ibrah\Documents\Web\nugenee-db-207803\NuGeneeAPI\Controllers\CategoriesController.cs(4,17): error CS0234: The type or namespace name 'EntityFrameworkCore' does not exist in the namespace 'Microsoft' (are you missing an assembly reference?) [C:\Users\ibrah\Documents\Web\nugenee-db-207803\NuGeneeAPI\NuGeneeAPI.csproj]
C:\Users\ibrah\Documents\Web\nugenee-db-207803\NuGeneeAPI\Controllers\CoursesController.cs(1,7): error CS0246: The type or namespace name 'AutoMapper' could not be found (are you missing a using directive or an assembly reference?) [C:\Users\ibrah\Documents\Web\nugenee-db-207803\NuGeneeAPI\NuGeneeAPI.csproj]
C:\Users\ibrah\Documents\Web\nugenee-db-207803\NuGeneeAPI\Controllers\CoursesController.cs(4,17): error CS0234: The type or namespace name 'EntityFrameworkCore' does not exist in the namespace 'Microsoft' (are you missing an assembly reference?) [C:\Users\ibrah\Documents\Web\nugenee-db-207803\NuGeneeAPI\NuGeneeAPI.csproj]
C:\Users\ibrah\Documents\Web\nugenee-db-207803\NuGeneeAPI\Controllers\InstructorsController.cs(1,7): error CS0246: The type or namespace name 'AutoMapper' could not be found (are you missing a using directive or an assembly reference?) [C:\Users\ibrah\Documents\Web\nugenee-db-207803\NuGeneeAPI\NuGeneeAPI.csproj]
C:\Users\ibrah\Documents\Web\nugenee-db-207803\NuGeneeAPI\Controllers\InstructorsController.cs(3,17): error CS0234: The type or namespace name 'EntityFrameworkCore' does not exist in the namespace 'Microsoft' (are you missing an assembly reference?) [C:\Users\ibrah\Documents\Web\nugenee-db-207803\NuGeneeAPI\NuGeneeAPI.csproj]
C:\Users\ibrah\Documents\Web\nugenee-db-207803\NuGeneeAPI\Controllers\LearningPathsController.cs(1,7): error CS0246: The type or namespace name 'AutoMapper' could not be found (are you missing a using directive or an assembly reference?) [C:\Users\ibrah\Documents\Web\nugenee-db-207803\NuGeneeAPI\NuGeneeAPI.csproj]
C:\Users\ibrah\Documents\Web\nugenee-db-207803\NuGeneeAPI\Controllers\LearningPathsController.cs(3,17): error CS0234: The type or namespace name 'EntityFrameworkCore' does not exist in the namespace 'Microsoft' (are you missing an assembly reference?) [C:\Users\ibrah\Documents\Web\nugenee-db-207803\NuGeneeAPI\NuGeneeAPI.csproj]
C:\Users\ibrah\Documents\Web\nugenee-db-207803\NuGeneeAPI\Controllers\StudentCertificatesController.cs(1,7): error CS0246: The type or namespace name 'AutoMapper' could not be found (are you missing a using directive or an assembly reference?) [C:\Users\ibrah\Documents\Web\nugenee-db-207803\NuGeneeAPI\NuGeneeAPI.csproj]
C:\Users\ibrah\Documents\Web\nugenee-db-207803\NuGeneeAPI\Controllers\StudentCertificatesController.cs(3,17): error CS0234: The type or namespace name 'EntityFrameworkCore' does not exist in the namespace 'Microsoft' (are you missing an assembly reference?) [C:\Users\ibrah\Documents\Web\nugenee-db-207803\NuGeneeAPI\NuGeneeAPI.csproj]
C:\Users\ibrah\Documents\Web\nugenee-db-207803\NuGeneeAPI\Data\AppDbContext.cs(1,17): error CS0234: The type or namespace name 'EntityFrameworkCore' does not exist in the namespace 'Microsoft' (are you missing an assembly reference?) [C:\Users\ibrah\Documents\Web\nugenee-db-207803\NuGeneeAPI\NuGeneeAPI.csproj]
C:\Users\ibrah\Documents\Web\nugenee-db-207803\NuGeneeAPI\Data\DbSeeder.cs(2,7): error CS0246: The type or namespace name 'BCrypt' could not be found (are you missing a using directive or an assembly reference?) [C:\Users\ibrah\Documents\Web\nugenee-db-207803\NuGeneeAPI\NuGeneeAPI.csproj]
C:\Users\ibrah\Documents\Web\nugenee-db-207803\NuGeneeAPI\Helpers\MappingProfile.cs(1,7): error CS0246: The type or namespace name 'AutoMapper' could not be found (are you missing a using directive or an assembly reference?) [C:\Users\ibrah\Documents\Web\nugenee-db-207803\NuGeneeAPI\NuGeneeAPI.csproj]
C:\Users\ibrah\Documents\Web\nugenee-db-207803\NuGeneeAPI\Program.cs(2,43): error CS0234: The type or namespace name 'JwtBearer' does not exist in the namespace 'Microsoft.AspNetCore.Authentication' (are you missing an assembly reference?) [C:\Users\ibrah\Documents\Web\nugenee-db-207803\NuGeneeAPI\NuGeneeAPI.csproj]
C:\Users\ibrah\Documents\Web\nugenee-db-207803\NuGeneeAPI\Program.cs(3,17): error CS0234: The type or namespace name 'EntityFrameworkCore' does not exist in the namespace 'Microsoft' (are you missing an assembly reference?) [C:\Users\ibrah\Documents\Web\nugenee-db-207803\NuGeneeAPI\NuGeneeAPI.csproj]
C:\Users\ibrah\Documents\Web\nugenee-db-207803\NuGeneeAPI\Program.cs(4,17): error CS0234: The type or namespace name 'IdentityModel' does not exist in the namespace 'Microsoft' (are you missing an assembly reference?) [C:\Users\ibrah\Documents\Web\nugenee-db-207803\NuGeneeAPI\NuGeneeAPI.csproj]
C:\Users\ibrah\Documents\Web\nugenee-db-207803\NuGeneeAPI\Services\TokenService.cs(3,17): error CS0234: The type or namespace name 'IdentityModel' does not exist in the namespace 'Microsoft' (are you missing an assembly reference?) [C:\Users\ibrah\Documents\Web\nugenee-db-207803\NuGeneeAPI\NuGeneeAPI.csproj]
C:\Users\ibrah\Documents\Web\nugenee-db-207803\NuGeneeAPI\Services\TokenService.cs(4,14): error CS0234: The type or namespace name 'IdentityModel' does not exist in the namespace 'System' (are you missing an assembly reference?) [C:\Users\ibrah\Documents\Web\nugenee-db-207803\NuGeneeAPI\NuGeneeAPI.csproj]
C:\Users\ibrah\Documents\Web\nugenee-db-207803\NuGeneeAPI\Helpers\MappingProfile.cs(7,35): error CS0246: The type or namespace name 'Profile' could not be found (are you missing a using directive or an assembly reference?) [C:\Users\ibrah\Documents\Web\nugenee-db-207803\NuGeneeAPI\NuGeneeAPI.csproj]
C:\Users\ibrah\Documents\Web\nugenee-db-207803\NuGeneeAPI\Data\AppDbContext.cs(6,33): error CS0246: The type or namespace name 'DbContext' could not be found (are you missing a using directive or an assembly reference?) [C:\Users\ibrah\Documents\Web\nugenee-db-207803\NuGeneeAPI\NuGeneeAPI.csproj]
C:\Users\ibrah\Documents\Web\nugenee-db-207803\NuGeneeAPI\Data\AppDbContext.cs(8,29): error CS0246: The type or namespace name 'DbContextOptions<>' could not be found (are you missing a using directive or an assembly reference?) [C:\Users\ibrah\Documents\Web\nugenee-db-207803\NuGeneeAPI\NuGeneeAPI.csproj]
C:\Users\ibrah\Documents\Web\nugenee-db-207803\NuGeneeAPI\Data\AppDbContext.cs(12,16): error CS0246: The type or namespace name 'DbSet<>' could not be found (are you missing a using directive or an assembly reference?) [C:\Users\ibrah\Documents\Web\nugenee-db-207803\NuGeneeAPI\NuGeneeAPI.csproj]
C:\Users\ibrah\Documents\Web\nugenee-db-207803\NuGeneeAPI\Data\AppDbContext.cs(13,16): error CS0246: The type or namespace name 'DbSet<>' could not be found (are you missing a using directive or an assembly reference?) [C:\Users\ibrah\Documents\Web\nugenee-db-207803\NuGeneeAPI\NuGeneeAPI.csproj]
C:\Users\ibrah\Documents\Web\nugenee-db-207803\NuGeneeAPI\Controllers\InstructorsController.cs(14,26): error CS0246: The type or namespace name 'IMapper' could not be found (are you missing a using directive or an assembly reference?) [C:\Users\ibrah\Documents\Web\nugenee-db-207803\NuGeneeAPI\NuGeneeAPI.csproj]
C:\Users\ibrah\Documents\Web\nugenee-db-207803\NuGeneeAPI\Controllers\StudentCertificatesController.cs(14,26): error CS0246: The type or namespace name 'IMapper' could not be found (are you missing a using directive or an assembly reference?) [C:\Users\ibrah\Documents\Web\nugenee-db-207803\NuGeneeAPI\NuGeneeAPI.csproj]
C:\Users\ibrah\Documents\Web\nugenee-db-207803\NuGeneeAPI\Controllers\LearningPathsController.cs(14,26): error CS0246: The type or namespace name 'IMapper' could not be found (are you missing a using directive or an assembly reference?) [C:\Users\ibrah\Documents\Web\nugenee-db-207803\NuGeneeAPI\NuGeneeAPI.csproj]
C:\Users\ibrah\Documents\Web\nugenee-db-207803\NuGeneeAPI\Controllers\CategoriesController.cs(16,26): error CS0246: The type or namespace name 'IMapper' could not be found (are you missing a using directive or an assembly reference?) [C:\Users\ibrah\Documents\Web\nugenee-db-207803\NuGeneeAPI\NuGeneeAPI.csproj]
C:\Users\ibrah\Documents\Web\nugenee-db-207803\NuGeneeAPI\Data\AppDbContext.cs(14,16): error CS0246: The type or namespace name 'DbSet<>' could not be found (are you missing a using directive or an assembly reference?) [C:\Users\ibrah\Documents\Web\nugenee-db-207803\NuGeneeAPI\NuGeneeAPI.csproj]
C:\Users\ibrah\Documents\Web\nugenee-db-207803\NuGeneeAPI\Controllers\InstructorsController.cs(16,60): error CS0246: The type or namespace name 'IMapper' could not be found (are you missing a using directive or an assembly reference?) [C:\Users\ibrah\Documents\Web\nugenee-db-207803\NuGeneeAPI\NuGeneeAPI.csproj]
C:\Users\ibrah\Documents\Web\nugenee-db-207803\NuGeneeAPI\Controllers\CoursesController.cs(16,26): error CS0246: The type or namespace name 'IMapper' could not be found (are you missing a using directive or an assembly reference?) [C:\Users\ibrah\Documents\Web\nugenee-db-207803\NuGeneeAPI\NuGeneeAPI.csproj]
C:\Users\ibrah\Documents\Web\nugenee-db-207803\NuGeneeAPI\Controllers\StudentCertificatesController.cs(16,68): error CS0246: The type or namespace name 'IMapper' could not be found (are you missing a using directive or an assembly reference?) [C:\Users\ibrah\Documents\Web\nugenee-db-207803\NuGeneeAPI\NuGeneeAPI.csproj]
C:\Users\ibrah\Documents\Web\nugenee-db-207803\NuGeneeAPI\Controllers\LearningPathsController.cs(16,62): error CS0246: The type or namespace name 'IMapper' could not be found (are you missing a using directive or an assembly reference?) [C:\Users\ibrah\Documents\Web\nugenee-db-207803\NuGeneeAPI\NuGeneeAPI.csproj]
C:\Users\ibrah\Documents\Web\nugenee-db-207803\NuGeneeAPI\Controllers\CategoriesController.cs(18,59): error CS0246: The type or namespace name 'IMapper' could not be found (are you missing a using directive or an assembly reference?) [C:\Users\ibrah\Documents\Web\nugenee-db-207803\NuGeneeAPI\NuGeneeAPI.csproj]
C:\Users\ibrah\Documents\Web\nugenee-db-207803\NuGeneeAPI\Controllers\CoursesController.cs(18,56): error CS0246: The type or namespace name 'IMapper' could not be found (are you missing a using directive or an assembly reference?) [C:\Users\ibrah\Documents\Web\nugenee-db-207803\NuGeneeAPI\NuGeneeAPI.csproj]
C:\Users\ibrah\Documents\Web\nugenee-db-207803\NuGeneeAPI\Data\AppDbContext.cs(15,16): error CS0246: The type or namespace name 'DbSet<>' could not be found (are you missing a using directive or an assembly reference?) [C:\Users\ibrah\Documents\Web\nugenee-db-207803\NuGeneeAPI\NuGeneeAPI.csproj]
C:\Users\ibrah\Documents\Web\nugenee-db-207803\NuGeneeAPI\Data\AppDbContext.cs(16,16): error CS0246: The type or namespace name 'DbSet<>' could not be found (are you missing a using directive or an assembly reference?) [C:\Users\ibrah\Documents\Web\nugenee-db-207803\NuGeneeAPI\NuGeneeAPI.csproj]
C:\Users\ibrah\Documents\Web\nugenee-db-207803\NuGeneeAPI\Data\AppDbContext.cs(17,16): error CS0246: The type or namespace name 'DbSet<>' could not be found (are you missing a using directive or an assembly reference?) [C:\Users\ibrah\Documents\Web\nugenee-db-207803\NuGeneeAPI\NuGeneeAPI.csproj]
C:\Users\ibrah\Documents\Web\nugenee-db-207803\NuGeneeAPI\Data\AppDbContext.cs(18,16): error CS0246: The type or namespace name 'DbSet<>' could not be found (are you missing a using directive or an assembly reference?) [C:\Users\ibrah\Documents\Web\nugenee-db-207803\NuGeneeAPI\NuGeneeAPI.csproj]
C:\Users\ibrah\Documents\Web\nugenee-db-207803\NuGeneeAPI\Data\AppDbContext.cs(19,16): error CS0246: The type or namespace name 'DbSet<>' could not be found (are you missing a using directive or an assembly reference?) [C:\Users\ibrah\Documents\Web\nugenee-db-207803\NuGeneeAPI\NuGeneeAPI.csproj]
C:\Users\ibrah\Documents\Web\nugenee-db-207803\NuGeneeAPI\Data\AppDbContext.cs(20,16): error CS0246: The type or namespace name 'DbSet<>' could not be found (are you missing a using directive or an assembly reference?) [C:\Users\ibrah\Documents\Web\nugenee-db-207803\NuGeneeAPI\NuGeneeAPI.csproj]
C:\Users\ibrah\Documents\Web\nugenee-db-207803\NuGeneeAPI\Data\AppDbContext.cs(21,16): error CS0246: The type or namespace name 'DbSet<>' could not be found (are you missing a using directive or an assembly reference?) [C:\Users\ibrah\Documents\Web\nugenee-db-207803\NuGeneeAPI\NuGeneeAPI.csproj]
C:\Users\ibrah\Documents\Web\nugenee-db-207803\NuGeneeAPI\Data\AppDbContext.cs(22,16): error CS0246: The type or namespace name 'DbSet<>' could not be found (are you missing a using directive or an assembly reference?) [C:\Users\ibrah\Documents\Web\nugenee-db-207803\NuGeneeAPI\NuGeneeAPI.csproj]
C:\Users\ibrah\Documents\Web\nugenee-db-207803\NuGeneeAPI\Data\AppDbContext.cs(23,16): error CS0246: The type or namespace name 'DbSet<>' could not be found (are you missing a using directive or an assembly reference?) [C:\Users\ibrah\Documents\Web\nugenee-db-207803\NuGeneeAPI\NuGeneeAPI.csproj]
C:\Users\ibrah\Documents\Web\nugenee-db-207803\NuGeneeAPI\Data\AppDbContext.cs(24,16): error CS0246: The type or namespace name 'DbSet<>' could not be found (are you missing a using directive or an assembly reference?) [C:\Users\ibrah\Documents\Web\nugenee-db-207803\NuGeneeAPI\NuGeneeAPI.csproj]
C:\Users\ibrah\Documents\Web\nugenee-db-207803\NuGeneeAPI\Data\AppDbContext.cs(26,49): error CS0246: The type or namespace name 'ModelBuilder' could not be found (are you missing a using directive or an assembly reference?) [C:\Users\ibrah\Documents\Web\nugenee-db-207803\NuGeneeAPI\NuGeneeAPI.csproj]
    0 Warning(s)
    46 Error(s)

Time Elapsed 00:00:01.57
